// Jest Snapshot v1, https://goo.gl/fbAQLP

exports[`signin state 1`] = `
<div
  data-app="true"
>
  <div>
    <!---->
     
    <div
      class="v-list v-sheet v-sheet--shaped theme--light"
      role="list"
    >
      <div
        class="v-item-group theme--light v-list-item-group primary--text"
        role="listbox"
      >
        <a
          aria-current="page"
          aria-selected="false"
          class="v-item--active v-list-item--active v-list-item v-list-item--link theme--light"
          href="#/"
          role="option"
          tabindex="0"
        >
          <div
            class="v-list-item__icon"
          >
            <i
              aria-hidden="true"
              class="v-icon notranslate mdi mdi-account theme--light"
            />
          </div>
           
          <div
            class="v-list-item__content"
          >
            <div
              class="v-list-item__title"
            >
              Profile
            </div>
          </div>
        </a>
         
        <div
          aria-selected="false"
          class="v-list-item v-list-item--link theme--light"
          role="option"
          tabindex="0"
        >
          <div
            class="v-list-item__icon"
          >
            <i
              aria-hidden="true"
              class="v-icon notranslate mdi mdi-logout-variant theme--light"
            />
          </div>
           
          <div
            class="v-list-item__content"
          >
            <div
              class="v-list-item__title"
            >
              Sign out
            </div>
          </div>
        </div>
      </div>
    </div>
  </div>
</div>
`;

exports[`signout signin state 1`] = `
<div
  data-app="true"
>
  <div>
    <div
      class="row justify-center"
    >
      <div
        class="col"
      >
        <div
          class="mb-2"
        >
          <!---->
           
          <div
            class="mt-4 v-sheet theme--light"
          >
            <div
              aria-busy="true"
              aria-live="polite"
              class="v-skeleton-loader mx-auto mb-4 v-skeleton-loader--is-loading theme--light"
              role="alert"
              style="width: 220px;"
            >
              <div
                class="v-skeleton-loader__button v-skeleton-loader__bone"
              />
            </div>
             
            <div
              aria-busy="true"
              aria-live="polite"
              class="v-skeleton-loader mx-auto mb-4 v-skeleton-loader--is-loading theme--light"
              role="alert"
              style="width: 220px;"
            >
              <div
                class="v-skeleton-loader__button v-skeleton-loader__bone"
              />
            </div>
             
            <div
              aria-busy="true"
              aria-live="polite"
              class="v-skeleton-loader mx-auto mb-4 v-skeleton-loader--is-loading theme--light"
              role="alert"
              style="width: 220px;"
            >
              <div
                class="v-skeleton-loader__button v-skeleton-loader__bone"
              />
            </div>
             
            <div
              aria-busy="true"
              aria-live="polite"
              class="v-skeleton-loader mx-auto mb-4 v-skeleton-loader--is-loading theme--light"
              role="alert"
              style="width: 220px;"
            >
              <div
                class="v-skeleton-loader__button v-skeleton-loader__bone"
              />
            </div>
          </div>
           
          <div
            id="firebaseui-auth-container"
          />
           
          <div
            class="text-center"
            style="display: none;"
          >
            <a
              class="text-normal mb-4 elevation-3 justify-start v-btn v-btn--is-elevated v-btn--has-bg v-btn--router theme--light v-size--default main"
              data-testid="button-signin"
              href="#/signin"
              style="width: 220px;"
            >
              <span
                class="v-btn__content"
              >
                <i
                  aria-hidden="true"
                  class="v-icon notranslate mr-3 mdi mdi-email theme--light"
                />
                Sign in with Email
              </span>
            </a>
             
            <a
              class="text-normal elevation-3 justify-start v-btn v-btn--has-bg v-btn--router theme--light v-size--default accent"
              href="#/signup"
              style="width: 220px;"
            >
              <span
                class="v-btn__content"
              >
                <i
                  aria-hidden="true"
                  class="v-icon notranslate mr-3 mdi mdi-clipboard-account theme--light"
                />
                Sign up
              </span>
            </a>
          </div>
        </div>
      </div>
    </div>
     
    <div
      class="v-list v-sheet v-sheet--shaped theme--light"
      role="list"
    >
      <div
        class="v-item-group theme--light v-list-item-group primary--text"
        role="listbox"
      />
    </div>
  </div>
</div>
`;
